// Jest Snapshot v1, https://goo.gl/fbAQLP

exports[`Reporter create report should create html template 1`] = `
"<!DOCTYPE html>
<html lang=\\"en\\">
  <head>
    <meta charset=\\"utf-8\\">
    <meta name=\\"viewport\\" content=\\"width=device-width, initial-scale=1\\">
    <meta name=\\"description\\" content=\\"[% title %]\\">
    <title>Cypress Image Diff Report</title>
    <link rel=\\"stylesheet\\" href=\\"https://maxcdn.bootstrapcdn.com/bootstrap/3.2.0/css/bootstrap.min.css\\">
    <style type=\\"text/css\\">
      body {
        background-color: #fafafa;
        font-weight: 200;
      }
      h1, .h1, h2, .h2, h3, .h3 {
        margin: 10px;
        font-weight: 200;
      }
      h1, .h1 {
        font-size: 30px;
      }
      h2, .h2 {
        font-size: 24px;
      }
      h4, .h4 {
        font-size: 25px;
        text-align: center;
      }
      table {
        width: 100%;
      }
      .table > thead > tr > th, .table > tbody > tr > th, .table > tfoot > tr > th, .table > thead > tr > td, .table > tbody > tr > td, .table > tfoot > tr > td {
        /*border-color: #ECEFF1;*/
      }
      span.error {
        color: #AD2B2B;
      }
      span.success {
        color: #53891E;
      }
      span.pending {
        color: grey;
      }
      .container-fluid {
        padding: 0 50px;
      }
      .test-pass, .suite-pass {
        background-color: #C8E6C9;
      }
      .test-fail, .suite-fail {
        background-color: #FFCDD2;
      }
      .test-skipped, .suite-pending {
        background-color: #B5C8D1;;
      }
      .test-unknown, .suite-unknown {
        background-color: #5EA3D1;;
      }
      .log-output {
        background-color: rgba(255, 192, 0, 0.36);
        margin-left:24px;
      }
      .table-test {
        margin: 0px;
      }
      tr.test-row {
        border-top: 2px solid white;
      }
      table > tbody > tr.test-row > td {
        padding-left: 0;
        padding-right: 0;
      }
      .row {
        display: flex;
        gap: 10px;
        margin: 0;
      }
      .row::after, .row::before {
        display: none;
      }
    </style>
  </head>
  <body>
    <div class=\\"container-fluid\\">
      <div id=\\"report-header\\" class=\\"page-header\\"><h1></h1></div>
      <h2>Results</h2>
      <table>
          <tr>
            <td>
              <table class=\\"table table-test\\">
                <tr>
                  <td colspan=\\"2\\" class=\\"test-pass\\">
                    <span class=\\"success\\">&#10004;</span>
                    Visual Test 1
                  </td>
                </tr>
              </table>
            </td>
          <tr>
          <tr>
            <td>
              <table class=\\"table table-test\\">
                <tr>
                  <td colspan=\\"2\\" class=\\"test-fail\\">
                    <span class=\\"error\\">&#10006;</span>
                    Visual Test 2
                  </td>
                </tr>
                  <tr class=\\"test-row\\">
                    <td colspan=\\"2\\">
                      <div class=\\"row\\">
                        <div>
                          <h4>Baseline</h4>
                          <a href=\\"../cypress-visual-screenshots/baseline/Visual Test 2.png\\">
                            <img src=\\"../cypress-visual-screenshots/baseline/Visual Test 2.png\\" alt=\\"Snow\\" style=\\"width:100%\\">
                          </a>
                        </div>
                        <div>
                          <h4>Diff</h4>
                          <a href=\\"../cypress-visual-screenshots/diff/Visual Test 2.png\\">
                            <img src=\\"../cypress-visual-screenshots/diff/Visual Test 2.png\\" alt=\\"Snow\\" style=\\"width:100%\\">
                          </a>
                        </div>
                        <div>
                          <h4>Comparison</h4>
                          <a href=\\"../cypress-visual-screenshots/comparison/Visual Test 2.png\\">
                            <img src=\\"../cypress-visual-screenshots/comparison/Visual Test 2.png\\" alt=\\"Snow\\" style=\\"width:100%\\">
                          </a>
                        </div>
                      </div>
                    </td>
                  </tr>
              </table>
            </td>
          <tr>
      </table>
    </div>
  </body>
</html>
"
`;
